// Jest Snapshot v1, https://goo.gl/fbAQLP

exports[`Header All stories should render successfully Renders Primary story 1`] = `
.emotion-0 {
  min-height: 100vh;
}

<body>
  <div>
    <div
      class="emotion-0"
    >
      <div
        style="height: 100vh; width: 100vw;"
      >
        <div>
          <nav>
            <a
              aria-current="page"
              class="active"
              data-discover="true"
              href="/"
            >
              Home
            </a>
            <a
              class=""
              data-discover="true"
              href="/sample"
            >
              Sample
            </a>
          </nav>
          <button>
            Light Mode
          </button>
          <button>
            Dark Mode
          </button>
        </div>
      </div>
    </div>
  </div>
</body>
`;
